====================================================================================================
СКВОЗНОЙ ПРОГОН: завершён=True  время=30.4s
====================================================================================================

ЛОГИ ПАЙПЛАЙНА:
    [INFO] Подготовка валидатора (гибридный режим: Whitelist + DNS)...
    [INFO] Проверка обновлений disposable-списков...
    [INFO] disposable.txt: новых данных нет, список актуален.
    [INFO] spam_traps.txt: новых данных нет, список актуален.
    [INFO] SpamFilter загружен (8954 доменов).
    [INFO] Запуск обработки 10 сырых email...
    [INFO] Загрузка модуля извлечения имен...
    [INFO] Загрузка предиктора пола/страны...
    [INFO] Схлопнуто дублей: 1 (один ящик записан по-разному — двойная отправка предотвращена). К проверке: 9.

ВХОД: 10 строк, уникальных после нормализаци====================================================================================================
СКВОЗНОЙ ПРОГОН: завершён=False  время=420.0s
====================================================================================================

ЛОГИ ПАЙПЛАЙНА:
    [INFO] Подготовка валидатора (гибридный режим: Whitelist + DNS)...
    [INFO] Проверка обновлений disposable-списков...
    [INFO] disposable.txt: обновлён — было 8329, стало 8335 доменов.
    [INFO] spam_traps.txt: новых данных нет, список актуален.
    [INFO] SpamFilter загружен (8954 доменов).

ВХОД: 10 строк, уникальных после нормализации: 9
ВЫХОД: 0 результатов

email                                 статус          score    grade  reason                                      
----------------------------------------------------------------------------------------------------------------------

====================================================================================================
ИНВАРИАНТ СОХРАННОСТИ АДРЕСОВ
====================================================================================================
  адресов на входе (уникальных строк): 10
  адресов в результатах:               0
  ПОТЕРЯНО (нет ни одного результата): 9 (минус 1 схлопнутый дубль) -> {'xd8ltnuw74w99641@gmail.com', 'postmaster@yandex.ru', 'test@mailinator.com', 'info@github.com', 'postmaster@gmail.com', 'johndoe@gmail.com', 'user@nonexistent-zzq7x4m2nv8w1k.com', '1ohtnnrfbj436408@mail.ru', 'dkrc37b4sykb3622@yandex.ru', 'john.doe@gmail.com'}
  ДУБЛЕЙ в результатах:                0
   Dead   No MX/A records (Dead Domain)               
        provider=Corporate type=Corporate name='' gender='' country='' gravatar=False mx=N/A
xd8ltnuw74w99641@gmail.com            Invalid/Bounce  0        Dead   5.1.1 550 User Does Not Exist               
        provider=Gmail type=Personal name='' gender='' country='' gravatar=False mx=gmail-smtp-in.l.google.com

====================================================================================================
ИНВАРИАНТ СОХРАННОСТИ АДРЕСОВ
====================================================================================================
  адресов на входе (уникальных строк): 10
  адресов в результатах:               9
  ПОТЕРЯНО (нет ни одного результата): 0 (минус 1 схлопнутый дубль) -> {'johndoe@gmail.com'}
  ДУБЛЕЙ в результатах:                0
