================================================================================
S5.3 КЛАМПИНГ 0-100 И ГРЕЙДЫ
================================================================================
  МАКСИМУМ реально достижимый: 100 / grade=Hot
      +70: Полный ящик (активно используется)
      +10: Есть Gravatar (реальный человек)
      +5: Корпоративный домен
      +10: Полный DNS (SPF+DMARC+DKIM)
      +5: Домен старше 5 лет
      +5: Имя извлечено из email

  МИНИМУМ (все минусы + Risky): 0 / grade=Dead  (сырая сумма была бы -185)
  Клампинг снизу: РАБОТАЕТ

  Проверка верхней границы искусственно завышенным входом:
    dns_health_score=99, age=99999 -> score=100 (клампинг сверху РАБОТАЕТ)

  Границы грейдов:
    >=  70 -> Hot
    >=  50 -> Warm
    >=  30 -> Neutral
    >=  10 -> Cold
    >=   0 -> Dead

================================================================================
S5.4 ПОКРЫТИЕ: каждый сигнал влияет на балл?
================================================================================
  База (Valid, всё остальное нейтрально) = 55
    полный ящик +70          score= 70  дельта=+15  
    SMTP 250 OK +55          score= 55  дельта=+0  <-- НЕ ВЛИЯЕТ
    Risky +20                score= 20  дельта=-35  
    Unknown +10              score= 10  дельта=-45  
    Gravatar +10             score= 65  дельта=+10  
    корп.домен +5            score= 60  дельта=+5  
    DNS 3/3 +10              score= 65  дельта=+10  
    DNS 2/3 +5               score= 60  дельта=+5  
    DNS 1/3 +2               score= 57  дельта=+2  
    домен >5 лет +5          score= 65  дельта=+10  
    домен >1 года +3         score= 63  дельта=+8  
    имя +5                   score= 60  дельта=+5  
    disposable -50           score=  5  дельта=-50  
    домен <30 дней -20       score= 35  дельта=-20  
    домен <90 дней -10       score= 45  дельта=-10  
    role-based -15           score= 40  дельта=-15  
    древний сервер -10       score= 45  дельта=-10  
    DNSBL -40                score= 15  дельта=-40  
    нет PTR -10              score= 45  дельта=-10  
    нет STARTTLS -5          score= 50  дельта=-5  
    нет сайта -5             score= 50  дельта=-5  
    машинный адрес -20       score= 35  дельта=-20  
    припаркован -30          score= 25  дельта=-30  
  Сигналов, реально меняющих балл в этой конфигурации: 22 из 23

================================================================================
S5.x КЛАССИФИКАЦИЯ FREE/CORPORATE (влияет на +5 и -5)
================================================================================
    gmail.com          in GLOBAL_VERIFIED=True  provider_type=Free       score=55   
    yahoo.com          in GLOBAL_VERIFIED=True  provider_type=Free       score=55   
    mail.ru            in GLOBAL_VERIFIED=False provider_type=Corporate  score=55   <-- бесплатный провайдер считается КОРПОРАТИВНЫМ
    yandex.ru          in GLOBAL_VERIFIED=False provider_type=Corporate  score=55   <-- бесплатный провайдер считается КОРПОРАТИВНЫМ
    protonmail.com     in GLOBAL_VERIFIED=False provider_type=Corporate  score=55   <-- бесплатный провайдер считается КОРПОРАТИВНЫМ
    bk.ru              in GLOBAL_VERIFIED=False provider_type=Corporate  score=55   <-- бесплатный провайдер считается КОРПОРАТИВНЫМ
    qq.com             in GLOBAL_VERIFIED=False provider_type=Corporate  score=55   <-- бесплатный провайдер считается КОРПОРАТИВНЫМ
    163.com            in GLOBAL_VERIFIED=False provider_type=Corporate  score=55   <-- бесплатный провайдер считается КОРПОРАТИВНЫМ
    zoho.com           in GLOBAL_VERIFIED=False provider_type=Corporate  score=55   <-- бесплатный провайдер считается КОРПОРАТИВНЫМ
    gmx.com            in GLOBAL_VERIFIED=False provider_type=Corporate  score=55   <-- бесплатный провайдер считается КОРПОРАТИВНЫМ
    rambler.ru         in GLOBAL_VERIFIED=False provider_type=Corporate  score=55   <-- бесплатный провайдер считается КОРПОРАТИВНЫМ
    tesla.com          in GLOBAL_VERIFIED=False provider_type=Corporate  score=55   <-- бесплатный провайдер считается КОРПОРАТИВНЫМ

================================================================================
ПРОВЕРКА: Invalid обнуляет всё?
================================================================================
    Invalid + все плюсы -> score=0 grade=Dead signals=['0: SMTP подтвердил, что ящик не существует']
