==============================================================================
S3.5 CATCH-ALL: тройная проверка — сколько SMTP-коннектов на домен
==============================================================================
  mail.ru      catch-all=True  коннектов на порт 25: 3  за 2.0s
               повторный вызов: результат=True, новых коннектов=0 (кэш РАБОТАЕТ)
  gmail.com    catch-all=False  коннектов на порт 25: 1  за 4.2s
               повторный вызов: результат=False, новых коннектов=0 (кэш РАБОТАЕТ)

  Проверка утверждения 'три адреса в одной сессии или тремя коннектами':
  -> is_catch_all_domain вызывает _do_single_ping 3 раза, каждый делает
     свой server.connect(mx,25) и server.quit() => ТРИ ОТДЕЛЬНЫХ КОННЕКТА.

==============================================================================
S4.1 GRAVATAR — адверсариально
==============================================================================
  заведомо несуществующий    zzq7x4m2nv8w1k-nobody-here@example.invalid   -> False  OK
  случайный на gmail         xd8ltnuw74w99641@gmail.com                   -> False  OK
  известный аккаунт          matt@automattic.com                          -> True  
  beau@automattic.com        beau@automattic.com                          -> True  
  сырой HTTP: d0a08c8c2ce74dde44665d634678ae2c?d=404&s=1    -> 404
  сырой HTTP: d0a08c8c2ce74dde44665d634678ae2c?s=1          -> 200
  -> код использует d=404, поэтому 'аватар есть всегда' НЕ воспроизводится

  LRU-кэш: лимит в коде = 50000, тип = OrderedDict, move_to_end при попадании
  после 3 проверок размер кэша = 3
