========================================================================================
S3.1 / S3.4 — сколько SMTP-попыток реально делается на один адрес
========================================================================================
  Лимиты из кода: Yahoo/AOL=15 (с прокси) / 3 (без);  Microsoft=8/2;  прочие=10/1

  yahoo.com     3 MX, лимит 15   попыток=45   коннектов к прокси=45   время= 11.5s  итог=unknown
       => формула: len(MX) x max_retries = 3 x ? = 45
  aol.com       1 MX, лимит 15   попыток=15   коннектов к прокси=15   время=  4.1s  итог=unknown
       => формула: len(MX) x max_retries = 1 x ? = 15
  outlook.com   1 MX, лимит 8    попыток=8    коннектов к прокси=8    время=  2.3s  итог=unknown
       => формула: len(MX) x max_retries = 1 x ? = 8
  example.org   2 MX, лимит 10   попыток=20   коннектов к прокси=20   время=  6.1s  итог=unknown
       => формула: len(MX) x max_retries = 2 x ? = 20

  ПРОВЕРКА МЁРТВОЙ ВЕТКИ в stealth_smtp_ping:
     for mx in mx_records:
         for attempt in range(max_retries):   <- на valid/invalid делает return
         if last_result['status'] in ('valid','invalid'): break   <- сюда
            valid/invalid ПОПАСТЬ НЕ МОГУТ, они вышли по return.
     => break недостижим, все MX перебираются ВСЕГДА до конца.

========================================================================================
S3.9 RATE LIMIT: семафор на КАЖДЫЙ MX отдельно или один общий?
========================================================================================
   семафор(mx1) is семафор(mx2): False  (РАЗНЫЕ — как заявлено)
   семафор(mx1) is семафор(MX1 в верхнем регистре): True (регистронезависимый ключ)
   начальное значение _max_concurrent_per_mx = 5
   внутренний счётчик нового семафора = 5

   Реальная параллельность: 12 потоков к одному MX через ловушку
   максимум одновременных соединений к одному MX: 2 (лимит в коде: 5)  [OK]

   Back-off на 421 — экспоненциальный?
     421 #1 -> счётчик=1, лимит семафора=5
     421 #2 -> счётчик=2, лимит семафора=5
     421 #3 -> счётчик=3, лимит семафора=2
     421 #4 -> счётчик=4, лимит семафора=2
     421 #5 -> счётчик=5, лимит семафора=2
     421 #6 -> счётчик=6, лимит семафора=1
     421 #7 -> счётчик=7, лимит семафора=1
     Задержка между запросами в _do_single_ping: time.sleep(random.uniform(0.1, 0.4))
     -> ФИКСИРОВАННАЯ, от числа 421 не зависит.
     => 'back-off' = только понижение параллельности 5->2->1, экспоненты нет.
