==============================================================================
S6.5 УТЕЧКА IP: пул прокси задан, но МЁРТВ. Что уходит напрямую?
==============================================================================

--- старт (шум игнорируем)
     (исходящих соединений не было)

[1] SMTP-путь — заявленная защита
     результат: unknown / All Proxies Dead (прямое соединение запрещено)

--- соединения во время SMTP-пинга
     TCP 203.0.113.9:1080  x3  <-- ЧЕРЕЗ ПРОКСИ

[2] DNS: get_mx_records / check_dns_health

--- соединения во время DNS-проверок
     UDP 8.8.8.8:53  x4
     TCP 8.8.8.8:53  x1

[3] DNSBL-запросы

--- соединения во время DNSBL
     UDP 8.8.8.8:53  x7

[4] PTR почтового сервера

--- соединения во время PTR
     UDP 8.8.8.8:53  x2

[5] Gravatar (S4.1)

--- соединения во время Gravatar
     TCP 192.0.80.239:443  x1

[6] WHOIS / RDAP — возраст домена (S2.3)
     возраст github.com = 6891 дней

--- соединения во время WHOIS/RDAP
     TCP whois.iana.org:43  x1
     TCP whois.verisign-grs.com:43  x1
     TCP whois.markmonitor.com:43  x1

[7] HEAD живого сайта (S2.6)
     живой сайт: True

--- соединения во время HTTP HEAD
     TCP 140.82.121.3:443  x1

==============================================================================
ИТОГ S6.5
==============================================================================
  УТЕЧКА: DNS (MX/SPF/DMARC/DKIM)    -> 2 прямых соединений мимо прокси
  УТЕЧКА: DNSBL                      -> 1 прямых соединений мимо прокси
  УТЕЧКА: PTR                        -> 1 прямых соединений мимо прокси
  УТЕЧКА: Gravatar                   -> 1 прямых соединений мимо прокси
  УТЕЧКА: WHOIS/RDAP                 -> 3 прямых соединений мимо прокси
  УТЕЧКА: HTTP HEAD сайта            -> 1 прямых соединений мимо прокси
  SMTP: прямых соединений мимо прокси = 0 (защита работает)

  Каналов, раскрывающих реальный IP: 6 из 6 -> ['DNS (MX/SPF/DMARC/DKIM)', 'DNSBL', 'PTR', 'Gravatar', 'WHOIS/RDAP', 'HTTP HEAD сайта']
