============================================================================================
ФАЗА 5. МУТАЦИОННОЕ ТЕСТИРОВАНИЕ НАБОРА tests/
============================================================================================
  Базовый прогон (код не тронут): 108 passed, 1 warning, 52 subtests passed in 0.95s

  [НЕ ЗАМЕЧЕНО] M1 синтаксис: убрать запрет двойных точек/пробелов
             упало тестов: 0    | 108 passed, 1 warning, 52 subtests passed in 0.74s
  [ПОЙМАНО ] M2 скоринг: перевернуть знак у SMTP 250 OK (+55 -> -55)
             упало тестов: 6    | 6 failed, 102 passed, 1 warning, 52 subtests passed in 1.19s
  [НЕ ЗАМЕЧЕНО] M3 DNSBL: всегда 'в чёрном списке'
             упало тестов: 0    | 108 passed, 1 warning, 52 subtests passed in 0.78s
  [ПОЙМАНО ] M4 эвристика: всякий адрес — машинный
             упало тестов: 1    | 1 failed, 107 passed, 1 warning, 52 subtests passed in 0.97s
  [ПОЙМАНО ] M5 дедуп: нормализация ничего не склеивает
             упало тестов: 5    | 5 failed, 103 passed, 1 warning, 52 subtests passed in 1.01s
  [ПОЙМАНО ] M6 SMTP: '550 User Does Not Exist' -> считать ящик живым
             упало тестов: 6    | 6 failed, 108 passed, 1 warning, 46 subtests passed in 1.02s
  [ПОЙМАНО ] M7 бан прокси: снять порог, никогда не банить
             упало тестов: 5    | 5 failed, 103 passed, 1 warning, 52 subtests passed in 1.00s
  [ПОЙМАНО ] M8 защита от утечки IP: разрешить прямое соединение
             упало тестов: 1    | 1 failed, 107 passed, 1 warning, 52 subtests passed in 1.23s

============================================================================================
  ПОЙМАНО МУТАЦИЙ: 6 из 8
  НЕ ЗАМЕЧЕНО:
     - M1 синтаксис: убрать запрет двойных точек/пробелов
     - M3 DNSBL: всегда 'в чёрном списке'

  Контроль целостности: все файлы восстановлены побайтово (md5 сверен).
