======================================================================
ФАЗА 2. ПЕРЕСЧЁТ ЧИСЛОВЫХ ЗАЯВЛЕНИЙ
======================================================================

[S1.2] Заявлено ~70 замен опечаток
       РЕАЛЬНО в _typo_map: 81 записей
       уникальных ЦЕЛЕЙ (правильных доменов): 15
       дублей ключей: 0
       целей НЕ входящих в GLOBAL_VERIFIED_DOMAINS: 9 -> ['163.com', 'gmx.com', 'live.com', 'mail.ru', 'protonmail.com', 'qq.com', 'rambler.ru', 'yandex.ru', 'zoho.com']

[S2.5] Заявлено 6 DNSBL
       РЕАЛЬНО в DNSBL_ZONES: 6 -> ['zen.spamhaus.org', 'b.barracudacentral.org', 'bl.spamcop.net', 'cbl.abuseat.org', 'psbl.surriel.com', 'dnsbl.sorbs.net']

[S3.3] Заявлено 20+ сценариев классификации
       Явно перечисленных SMTP-кодов: 19 -> [250, 421, 450, 451, 452, 500, 501, 502, 503, 504, 521, 530, 535, 550, 551, 552, 553, 554, 571]
       Всего веток return make_result(...): 26

[S4.4] Заявлено 8948 disposable-доменов
       Python-set DISPOSABLE_DOMAINS (используется is_disposable): 491
       data/disposable.txt: 8329 непустых строк
       data/spam_traps.txt: 3616 непустых строк
       SpamFilter.blacklist_domains (объединение файлов): 8948
       ОБЪЕДИНЕНИЕ всех источников: 8994

[S4.5] Заявлено 40+ role-паттернов
       РЕАЛЬНО в множестве roles: 41
       Тип сравнения: точное равенство local_part -> НЕ паттерны (нет wildcard/regex)

[S5.4] Заявлено ровно 23 сигнала
       Веток signals.append(...) в calculate_engagement_score: 23
          1. +70: Полный ящик (активно используется)
          2. +55: SMTP 250 OK (почта жива)
          3. +20: Risky (возможно жива)
          4. +10: Unknown (неопределённо)
          5. +10: Есть Gravatar (реальный человек)
          6. +5: Корпоративный домен
          7. +10: Полный DNS (SPF+DMARC+DKIM)
          8. +5: Хороший DNS (2 из 3)
          9. +2: Базовый DNS (1 из 3)
         10. +5: Домен старше 5 лет
         11. +3: Домен старше 1 года
         12. +5: Имя извлечено из email
         13. -50: Одноразовый/временный домен
         14. -20: Молодой домен (< 30 дней)
         15. -10: Молодой домен (< 90 дней)
         16. -15: Role-based аккаунт (noreply, info и т.д.)
         17. -10: Устаревший почтовый сервер
         18. -40: IP сервера в чёрных списках (DNSBL)
         19. -10: Нет PTR-записи (подозрительный сервер)
         20. -5: Нет шифрования STARTTLS
         21. -5: Нет живого сайта (корпоративный домен)
         22. -20: Адрес похож на сгенерированный машиной
         23. -30: Домен припаркован (продаётся, почты нет)
       Плюсовых веток: 12  Минусовых веток: 11  Прочих: 0
       Уникальных ВХОДНЫХ параметров, влияющих на балл: см. сигнатуру функции
       Параметров функции: 17 -> ['email', 'smtp_status', 'smtp_reason', 'has_gravatar', 'is_disposable', 'dns_health_score', 'domain_age_days', 'name_extracted', 'is_role_based', 'server_outdated', 'has_ptr', 'has_starttls', 'in_dnsbl', 'has_live_website', 'original_smtp_status', 'machine_generated', 'is_parked_domain']

[S5.1/S5.2] Сумма всех плюсов (если бы сработали все): 200
            Сумма всех минусов: -215
            Взаимоисключающие ветки есть (elif), поэтому реальный максимум ниже
