Error trying to connect to socket: closing socket - [WinError 10061] \u041f\u043e\u0434\u043a\u043b\u044e\u0447\u0435\u043d\u0438\u0435 \u043d\u0435 \u0443\u0441\u0442\u0430\u043d\u043e\u0432\u043b\u0435\u043d\u043e, \u0442.\u043a. \u043a\u043e\u043d\u0435\u0447\u043d\u044b\u0439 \u043a\u043e\u043c\u043f\u044c\u044e\u0442\u0435\u0440 \u043e\u0442\u0432\u0435\u0440\u0433 \u0437\u0430\u043f\u0440\u043e\u0441 \u043d\u0430 \u043f\u043e\u0434\u043a\u043b\u044e\u0447\u0435\u043d\u0438\u0435
================================================================================================
СТОИМОСТЬ ОДНОГО НОВОГО (некэшированного) ДОМЕНА — только сетевые проверки
================================================================================================
  stripe.com       MX=0.1s  DNS=0.5s  DNSBL=0.8s  PTR=0.2s  WHOIS/RDAP=4.2s  HTTP=0.7s   ИТОГО 6.5s
  shopify.com      MX=0.1s  DNS=1.3s  DNSBL=0.0s  PTR=0.0s  WHOIS/RDAP=1.4s  HTTP=0.3s   ИТОГО 3.0s
  atlassian.com    MX=0.1s  DNS=0.9s  DNSBL=0.9s  PTR=0.3s  WHOIS/RDAP=1.4s  HTTP=1.3s   ИТОГО 4.9s
  figma.com        MX=0.1s  DNS=1.3s  DNSBL=0.0s  PTR=0.0s  WHOIS/RDAP=1.7s  HTTP=2.1s   ИТОГО 5.1s
  notion.so        MX=0.2s  DNS=1.3s  DNSBL=0.8s  PTR=2.3s  WHOIS/RDAP=0.9s  HTTP=0.6s   ИТОГО 6.1s

  Среднее на домен:
     WHOIS/RDAP                          1.92 s
     DNS health (SPF/DMARC/9xDKIM)       1.05 s
     HTTP HEAD сайта                     0.98 s
     PTR                                 0.56 s
     DNSBL (6 зон, 3 мертвы)             0.51 s
     MX                                  0.11 s
     ВСЕГО                               5.13 s  <-- суммарно на ОДИН новый домен

================================================================================================
СТОИМОСТЬ, КОТОРАЯ НЕ КЭШИРУЕТСЯ И ПЛАТИТСЯ ЗА КАЖДЫЙ АДРЕС
================================================================================================
  Gravatar: 0.74 s/адрес (кэш по АДРЕСУ, не по домену -> на 100k это 100k HTTPS-запросов)
            все они идут НАПРЯМУЮ на gravatar.com с реального IP,
            унося MD5 каждого адреса базы третьей стороне.

================================================================================================
ЭКСТРАПОЛЯЦИЯ НА 100 000 АДРЕСОВ
================================================================================================
  база с 2 000 уникальных доменов (B2C, много gmail):
     доменные проверки:    10256 с =    2.8 ч (последовательно) /   0.0 ч при 100 потоках
     Gravatar:             73866 с =   20.5 ч (последовательно) /   0.2 ч при 100 потоках
  база с 20 000 уникальных доменов (B2B):
     доменные проверки:   102564 с =   28.5 ч (последовательно) /   0.3 ч при 100 потоках
     Gravatar:             73866 с =   20.5 ч (последовательно) /   0.2 ч при 100 потоках

  SMTP-часть (замерено на ловушке, время = число попыток x стоимость попытки):
     Yahoo/AOL с прокси: 3 MX x 15 повторов = 45 попыток на ОДИН адрес.
     При таймауте 10 с и глухом прокси это до 450 с (7.5 мин) на адрес.
     Обычный домен с прокси: len(MX) x 10. Для 5 MX Gmail — 50 попыток.

  Greylisting-повтор: 90 с ожидания + ОДНОПОТОЧНЫЙ перебор очереди.
     При 5 %% greylisted на 100k это 5 000 адресов подряд в один поток.
     При 2 с на адрес — ещё 2.8 ч ПОСЛЕ окончания основного прогона,
     и всё это время в выдаче их нет вовсе.
